ARM Linker, 5.03 [Build 76] [MDK-ARM Professional]

==============================================================================

Section Cross References

    usbuser.o(.text) refers to usbcore.o(.text) for USB_ResetCore
    usbuser.o(.text) refers to usbhw.o(.text) for USB_DMA_BufAdr
    usbuser.o(.text) refers to usbdmain.o(.data) for DataBuf
    usbuser.o(.constdata) refers to usbcore.o(.text) for USB_EndPoint0
    usbuser.o(.constdata) refers to usbuser.o(.text) for USB_EndPoint3
    usbcore.o(.text) refers to usbhw.o(.text) for USB_ReadEP
    usbcore.o(.text) refers to usbcore.o(i.USB_ReqGetStatus) for USB_ReqGetStatus
    usbcore.o(.text) refers to usbcore.o(i.USB_ReqSetClrFeature) for USB_ReqSetClrFeature
    usbcore.o(.text) refers to usbcore.o(i.USB_ReqGetDescriptor) for USB_ReqGetDescriptor
    usbcore.o(.text) refers to usbcore.o(i.USB_ReqSetConfiguration) for USB_ReqSetConfiguration
    usbcore.o(.text) refers to usbcore.o(i.USB_ReqSetInterface) for USB_ReqSetInterface
    usbcore.o(.text) refers to adcuser.o(.text) for ADC_IF_GetRequest
    usbcore.o(.text) refers to usbcore.o(.data) for USB_DeviceStatus
    usbcore.o(.text) refers to usbcore.o(.bss) for EP0Buf
    usbdmain.o(.text) refers to _printf_percent.o(.ARM.Collect$$_printf_percent$$00000000) for _printf_percent
    usbdmain.o(.text) refers to _printf_d.o(.ARM.Collect$$_printf_percent$$00000009) for _printf_d
    usbdmain.o(.text) refers to _printf_dec.o(.text) for _printf_int_dec
    usbdmain.o(.text) refers to kbd.o(.text) for get_button
    usbdmain.o(.text) refers to glcd_spi_lpc1700.o(.text) for GLCD_Clear
    usbdmain.o(.text) refers to usbhw.o(.text) for USB_Connect
    usbdmain.o(.text) refers to system_lpc17xx.o(.text) for SystemClockUpdate
    usbdmain.o(.text) refers to usbdmain.o(.data) for PotVal
    usbdmain.o(.text) refers to adcuser.o(.data) for VolCur
    usbdmain.o(.text) refers to system_lpc17xx.o(.data) for SystemFrequency
    usbdmain.o(.text) refers to usbdmain.o(.constdata) for ANDROID_pixel_data
    usbdmain.o(.text) refers to rt_memclr_w.o(.text) for __aeabi_memclr4
    usbdmain.o(.text) refers to noretval__2sprintf.o(.text) for __2sprintf
    usbdmain.o(.text) refers to rand.o(.emb_text) for rand
    usbdmain.o(.text) refers to led.o(.text) for LED_Init
    usbhw.o(.text) refers to usbhw.o(.data) for DDMemMap
    usbhw.o(.text) refers to usbhw.o(.bss) for udca
    usbhw.o(.text) refers to usbhw.o(USB_RAM) for UDCA
    usbhw.o(.text) refers to usbcore.o(.data) for USB_DeviceStatus
    usbhw.o(.text) refers to usbuser.o(.text) for USB_Reset_Event
    usbhw.o(.text) refers to usbhw.o(.constdata) for DDAdr
    usbhw.o(.text) refers to usbuser.o(.constdata) for USB_P_EP
    adcuser.o(.text) refers to usbcore.o(.data) for SetupPacket
    adcuser.o(.text) refers to usbdmain.o(.data) for Mute
    adcuser.o(.text) refers to usbcore.o(.bss) for EP0Buf
    adcuser.o(.text) refers to adcuser.o(.data) for VolCur
    adc.o(.text) refers to adc.o(.data) for AD_last
    irq.o(.text) refers to adc.o(.text) for ADC_StartCnv
    irq.o(.text) refers to irq.o(.data) for ticks
    led.o(.text) refers to led.o(.constdata) for led_mask
    system_lpc17xx.o(.text) refers to lludivv7m.o(.text) for __aeabi_uldivmod
    system_lpc17xx.o(.text) refers to system_lpc17xx.o(.data) for SystemCoreClock
    glcd_spi_lpc1700.o(.text) refers to glcd_spi_lpc1700.o(.data) for Himax
    glcd_spi_lpc1700.o(.text) refers to glcd_spi_lpc1700.o(.constdata) for Font_6x8_h
    startup_lpc17xx.o(STACK) refers (Special) to heapauxi.o(.text) for __use_two_region_memory
    startup_lpc17xx.o(HEAP) refers (Special) to heapauxi.o(.text) for __use_two_region_memory
    startup_lpc17xx.o(RESET) refers (Special) to heapauxi.o(.text) for __use_two_region_memory
    startup_lpc17xx.o(RESET) refers to startup_lpc17xx.o(STACK) for __initial_sp
    startup_lpc17xx.o(RESET) refers to startup_lpc17xx.o(.text) for Reset_Handler
    startup_lpc17xx.o(RESET) refers to irq.o(.text) for SysTick_Handler
    startup_lpc17xx.o(RESET) refers to usbdmain.o(.text) for TIMER0_IRQHandler
    startup_lpc17xx.o(RESET) refers to usbhw.o(.text) for USB_IRQHandler
    startup_lpc17xx.o(.ARM.__at_0x02FC) refers (Special) to heapauxi.o(.text) for __use_two_region_memory
    startup_lpc17xx.o(.text) refers (Special) to heapauxi.o(.text) for __use_two_region_memory
    startup_lpc17xx.o(.text) refers to system_lpc17xx.o(.text) for SystemInit
    startup_lpc17xx.o(.text) refers to __main.o(!!!main) for __main
    startup_lpc17xx.o(.text) refers to startup_lpc17xx.o(HEAP) for Heap_Mem
    startup_lpc17xx.o(.text) refers to startup_lpc17xx.o(STACK) for Stack_Mem
    __2sprintf.o(.text) refers to _printf_char_common.o(.text) for _printf_char_common
    __2sprintf.o(.text) refers to _sputc.o(.text) for _sputc
    noretval__2sprintf.o(.text) refers to _printf_char_common.o(.text) for _printf_char_common
    noretval__2sprintf.o(.text) refers to _sputc.o(.text) for _sputc
    __printf.o(.text) refers to _printf_percent.o(.ARM.Collect$$_printf_percent$$00000000) for _printf_percent
    _printf_dec.o(.text) refers to _printf_intcommon.o(.text) for _printf_int_common
    __printf_flags.o(.text) refers to _printf_percent.o(.ARM.Collect$$_printf_percent$$00000000) for _printf_percent
    __printf_flags.o(.text) refers to __printf_flags.o(.constdata) for .constdata
    __printf_ss.o(.text) refers to _printf_percent.o(.ARM.Collect$$_printf_percent$$00000000) for _printf_percent
    __printf_flags_ss.o(.text) refers to _printf_percent.o(.ARM.Collect$$_printf_percent$$00000000) for _printf_percent
    __printf_flags_ss.o(.text) refers to __printf_flags_ss.o(.constdata) for .constdata
    __printf_wp.o(.text) refers to __printf_wp.o(i._is_digit) for _is_digit
    __printf_wp.o(.text) refers to _printf_percent.o(.ARM.Collect$$_printf_percent$$00000000) for _printf_percent
    __printf_flags_wp.o(.text) refers to __printf_wp.o(i._is_digit) for _is_digit
    __printf_flags_wp.o(.text) refers to _printf_percent.o(.ARM.Collect$$_printf_percent$$00000000) for _printf_percent
    __printf_flags_wp.o(.text) refers to __printf_flags_wp.o(.constdata) for .constdata
    __printf_ss_wp.o(.text) refers to __printf_wp.o(i._is_digit) for _is_digit
    __printf_ss_wp.o(.text) refers to _printf_percent.o(.ARM.Collect$$_printf_percent$$00000000) for _printf_percent
    __printf_flags_ss_wp.o(.text) refers to __printf_wp.o(i._is_digit) for _is_digit
    __printf_flags_ss_wp.o(.text) refers to _printf_percent.o(.ARM.Collect$$_printf_percent$$00000000) for _printf_percent
    __printf_flags_ss_wp.o(.text) refers to __printf_flags_ss_wp.o(.constdata) for .constdata
    _printf_d.o(.ARM.Collect$$_printf_percent$$00000009) refers (Weak) to _printf_dec.o(.text) for _printf_int_dec
    _printf_percent.o(.ARM.Collect$$_printf_percent$$00000000) refers (Special) to _printf_percent_end.o(.ARM.Collect$$_printf_percent$$00000017) for _printf_percent_end
    rand.o(.emb_text) refers (Special) to libinit2.o(.ARM.Collect$$libinit$$0000000B) for __rt_lib_init_rand_2
    rand.o(.emb_text) refers to rand.o(.text) for _rand_init
    rand.o(.emb_text) refers to rand.o(.bss) for _random_number_data
    rand.o(.text) refers (Special) to libinit2.o(.ARM.Collect$$libinit$$0000000B) for __rt_lib_init_rand_2
    rand.o(.text) refers to rand.o(.bss) for .bss
    rand.o(.bss) refers (Special) to libinit2.o(.ARM.Collect$$libinit$$0000000B) for __rt_lib_init_rand_2
    __main.o(!!!main) refers to rtentry.o(.ARM.Collect$$rtentry$$00000000) for __rt_entry
    rtentry.o(.ARM.Collect$$rtentry$$00000000) refers (Special) to rtentry2.o(.ARM.Collect$$rtentry$$0000000A) for __rt_entry_li
    rtentry.o(.ARM.Collect$$rtentry$$00000000) refers (Special) to rtentry2.o(.ARM.Collect$$rtentry$$0000000D) for __rt_entry_main
    rtentry.o(.ARM.Collect$$rtentry$$00000000) refers (Special) to rtentry2.o(.ARM.Collect$$rtentry$$0000000C) for __rt_entry_postli_1
    rtentry.o(.ARM.Collect$$rtentry$$00000000) refers (Special) to rtentry2.o(.ARM.Collect$$rtentry$$00000009) for __rt_entry_postsh_1
    rtentry.o(.ARM.Collect$$rtentry$$00000000) refers (Special) to rtentry2.o(.ARM.Collect$$rtentry$$00000002) for __rt_entry_presh_1
    rtentry.o(.ARM.Collect$$rtentry$$00000000) refers (Special) to rtentry4.o(.ARM.Collect$$rtentry$$00000004) for __rt_entry_sh
    aeabi_ldiv0_sigfpe.o(.text) refers to rt_div0.o(.text) for __rt_div0
    _printf_char_common.o(.text) refers to __printf.o(.text) for __printf
    libinit2.o(.ARM.Collect$$libinit$$0000000B) refers (Weak) to rand.o(.text) for _rand_init
    libinit2.o(.ARM.Collect$$libinit$$0000000E) refers to libinit2.o(.ARM.Collect$$libinit$$0000000D) for .ARM.Collect$$libinit$$0000000D
    libinit2.o(.ARM.Collect$$libinit$$00000010) refers to libinit2.o(.ARM.Collect$$libinit$$0000000D) for .ARM.Collect$$libinit$$0000000D
    libinit2.o(.ARM.Collect$$libinit$$00000012) refers to libinit2.o(.ARM.Collect$$libinit$$0000000D) for .ARM.Collect$$libinit$$0000000D
    libinit2.o(.ARM.Collect$$libinit$$00000014) refers to libinit2.o(.ARM.Collect$$libinit$$0000000D) for .ARM.Collect$$libinit$$0000000D
    libinit2.o(.ARM.Collect$$libinit$$00000016) refers to libinit2.o(.ARM.Collect$$libinit$$0000000D) for .ARM.Collect$$libinit$$0000000D
    libinit2.o(.ARM.Collect$$libinit$$00000024) refers to argv_veneer.o(.emb_text) for __ARM_argv_veneer
    libinit2.o(.ARM.Collect$$libinit$$00000025) refers to argv_veneer.o(.emb_text) for __ARM_argv_veneer
    rtentry2.o(.ARM.Collect$$rtentry$$00000008) refers to boardinit2.o(.text) for _platform_post_stackheap_init
    rtentry2.o(.ARM.Collect$$rtentry$$0000000A) refers to libinit.o(.ARM.Collect$$libinit$$00000000) for __rt_lib_init
    rtentry2.o(.ARM.Collect$$rtentry$$0000000B) refers to boardinit3.o(.text) for _platform_post_lib_init
    rtentry2.o(.ARM.Collect$$rtentry$$0000000D) refers to usbdmain.o(.text) for main
    rtentry2.o(.ARM.Collect$$rtentry$$0000000D) refers to exit.o(.text) for exit
    rtentry2.o(.ARM.exidx) refers to rtentry2.o(.ARM.Collect$$rtentry$$00000001) for .ARM.Collect$$rtentry$$00000001
    rtentry2.o(.ARM.exidx) refers to rtentry2.o(.ARM.Collect$$rtentry$$00000008) for .ARM.Collect$$rtentry$$00000008
    rtentry2.o(.ARM.exidx) refers to rtentry2.o(.ARM.Collect$$rtentry$$0000000A) for .ARM.Collect$$rtentry$$0000000A
    rtentry2.o(.ARM.exidx) refers to rtentry2.o(.ARM.Collect$$rtentry$$0000000B) for .ARM.Collect$$rtentry$$0000000B
    rtentry2.o(.ARM.exidx) refers to rtentry2.o(.ARM.Collect$$rtentry$$0000000D) for .ARM.Collect$$rtentry$$0000000D
    rtentry4.o(.ARM.Collect$$rtentry$$00000004) refers to sys_stackheap_outer.o(.text) for __user_setup_stackheap
    rtentry4.o(.ARM.exidx) refers to rtentry4.o(.ARM.Collect$$rtentry$$00000004) for .ARM.Collect$$rtentry$$00000004
    rt_div0.o(.text) refers to defsig_fpe_outer.o(.text) for __rt_SIGFPE
    argv_veneer.o(.emb_text) refers to no_argv.o(.text) for __ARM_get_argv
    sys_stackheap_outer.o(.text) refers to libspace.o(.text) for __user_perproc_libspace
    sys_stackheap_outer.o(.text) refers to startup_lpc17xx.o(.text) for __user_initial_stackheap
    exit.o(.text) refers to rtexit.o(.ARM.Collect$$rtexit$$00000000) for __rt_exit
    defsig_fpe_outer.o(.text) refers to defsig_fpe_inner.o(.text) for __rt_SIGFPE_inner
    defsig_fpe_outer.o(.text) refers to defsig_exit.o(.text) for __sig_exit
    defsig_fpe_formal.o(.text) refers to rt_raise.o(.text) for __rt_raise
    _get_argv_nomalloc.o(.text) refers (Special) to hrguard.o(.text) for __heap_region$guard
    _get_argv_nomalloc.o(.text) refers to defsig_rtmem_outer.o(.text) for __rt_SIGRTMEM
    _get_argv_nomalloc.o(.text) refers to sys_command.o(.text) for _sys_command_string
    libinit.o(.ARM.Collect$$libinit$$00000000) refers (Special) to libinit2.o(.ARM.Collect$$libinit$$0000002C) for __rt_lib_init_alloca_1
    libinit.o(.ARM.Collect$$libinit$$00000000) refers (Special) to libinit2.o(.ARM.Collect$$libinit$$0000002A) for __rt_lib_init_argv_1
    libinit.o(.ARM.Collect$$libinit$$00000000) refers (Special) to libinit2.o(.ARM.Collect$$libinit$$00000019) for __rt_lib_init_atexit_1
    libinit.o(.ARM.Collect$$libinit$$00000000) refers (Special) to libinit2.o(.ARM.Collect$$libinit$$0000001F) for __rt_lib_init_clock_1
    libinit.o(.ARM.Collect$$libinit$$00000000) refers (Special) to libinit2.o(.ARM.Collect$$libinit$$00000030) for __rt_lib_init_cpp_1
    libinit.o(.ARM.Collect$$libinit$$00000000) refers (Special) to libinit2.o(.ARM.Collect$$libinit$$0000002E) for __rt_lib_init_exceptions_1
    libinit.o(.ARM.Collect$$libinit$$00000000) refers (Special) to libinit2.o(.ARM.Collect$$libinit$$00000002) for __rt_lib_init_fp_1
    libinit.o(.ARM.Collect$$libinit$$00000000) refers (Special) to libinit2.o(.ARM.Collect$$libinit$$0000001D) for __rt_lib_init_fp_trap_1
    libinit.o(.ARM.Collect$$libinit$$00000000) refers (Special) to libinit2.o(.ARM.Collect$$libinit$$00000021) for __rt_lib_init_getenv_1
    libinit.o(.ARM.Collect$$libinit$$00000000) refers (Special) to libinit2.o(.ARM.Collect$$libinit$$00000008) for __rt_lib_init_heap_1
    libinit.o(.ARM.Collect$$libinit$$00000000) refers (Special) to libinit2.o(.ARM.Collect$$libinit$$0000000F) for __rt_lib_init_lc_collate_1
    libinit.o(.ARM.Collect$$libinit$$00000000) refers (Special) to libinit2.o(.ARM.Collect$$libinit$$00000011) for __rt_lib_init_lc_ctype_1
    libinit.o(.ARM.Collect$$libinit$$00000000) refers (Special) to libinit2.o(.ARM.Collect$$libinit$$00000013) for __rt_lib_init_lc_monetary_1
    libinit.o(.ARM.Collect$$libinit$$00000000) refers (Special) to libinit2.o(.ARM.Collect$$libinit$$00000015) for __rt_lib_init_lc_numeric_1
    libinit.o(.ARM.Collect$$libinit$$00000000) refers (Special) to libinit2.o(.ARM.Collect$$libinit$$00000017) for __rt_lib_init_lc_time_1
    libinit.o(.ARM.Collect$$libinit$$00000000) refers (Special) to libinit2.o(.ARM.Collect$$libinit$$0000000C) for __rt_lib_init_rand_1
    libinit.o(.ARM.Collect$$libinit$$00000000) refers (Special) to libinit2.o(.ARM.Collect$$libinit$$00000031) for __rt_lib_init_return
    libinit.o(.ARM.Collect$$libinit$$00000000) refers (Special) to libinit2.o(.ARM.Collect$$libinit$$0000001B) for __rt_lib_init_signal_1
    libinit.o(.ARM.Collect$$libinit$$00000000) refers (Special) to libinit2.o(.ARM.Collect$$libinit$$00000023) for __rt_lib_init_stdio_1
    libinit.o(.ARM.Collect$$libinit$$00000000) refers (Special) to libinit2.o(.ARM.Collect$$libinit$$0000000A) for __rt_lib_init_user_alloc_1
    sys_command.o(.text) refers (Special) to use_no_semi.o(.text) for __I$use$semihosting
    sys_command.o(.text) refers (Special) to indicate_semi.o(.text) for __semihosting_library_function
    libspace.o(.text) refers to libspace.o(.bss) for __libspace_start
    rtexit.o(.ARM.Collect$$rtexit$$00000000) refers (Special) to rtexit2.o(.ARM.Collect$$rtexit$$00000004) for __rt_exit_exit
    rtexit.o(.ARM.Collect$$rtexit$$00000000) refers (Special) to rtexit2.o(.ARM.Collect$$rtexit$$00000003) for __rt_exit_ls
    rtexit.o(.ARM.Collect$$rtexit$$00000000) refers (Special) to rtexit2.o(.ARM.Collect$$rtexit$$00000002) for __rt_exit_prels_1
    rtexit.o(.ARM.exidx) refers (Special) to rtexit2.o(.ARM.Collect$$rtexit$$00000004) for __rt_exit_exit
    rtexit.o(.ARM.exidx) refers (Special) to rtexit2.o(.ARM.Collect$$rtexit$$00000003) for __rt_exit_ls
    rtexit.o(.ARM.exidx) refers (Special) to rtexit2.o(.ARM.Collect$$rtexit$$00000002) for __rt_exit_prels_1
    rtexit.o(.ARM.exidx) refers to rtexit.o(.ARM.Collect$$rtexit$$00000000) for .ARM.Collect$$rtexit$$00000000
    rt_raise.o(.text) refers to __raise.o(.text) for __raise
    rt_raise.o(.text) refers to sys_exit.o(.text) for _sys_exit
    defsig_exit.o(.text) refers to sys_exit.o(.text) for _sys_exit
    defsig_fpe_inner.o(.text) refers to defsig_general.o(.text) for __default_signal_display
    defsig_rtmem_outer.o(.text) refers to defsig_rtmem_inner.o(.text) for __rt_SIGRTMEM_inner
    defsig_rtmem_outer.o(.text) refers to defsig_exit.o(.text) for __sig_exit
    defsig_rtmem_formal.o(.text) refers to rt_raise.o(.text) for __rt_raise
    sys_exit.o(.text) refers (Special) to use_no_semi.o(.text) for __I$use$semihosting
    sys_exit.o(.text) refers (Special) to indicate_semi.o(.text) for __semihosting_library_function
    rtexit2.o(.ARM.Collect$$rtexit$$00000003) refers to libshutdown.o(.ARM.Collect$$libshutdown$$00000000) for __rt_lib_shutdown
    rtexit2.o(.ARM.Collect$$rtexit$$00000004) refers to sys_exit.o(.text) for _sys_exit
    rtexit2.o(.ARM.exidx) refers to rtexit2.o(.ARM.Collect$$rtexit$$00000001) for .ARM.Collect$$rtexit$$00000001
    rtexit2.o(.ARM.exidx) refers to rtexit2.o(.ARM.Collect$$rtexit$$00000003) for .ARM.Collect$$rtexit$$00000003
    rtexit2.o(.ARM.exidx) refers to rtexit2.o(.ARM.Collect$$rtexit$$00000004) for .ARM.Collect$$rtexit$$00000004
    __raise.o(.text) refers to defsig.o(CL$$defsig) for __default_signal_handler
    defsig_general.o(.text) refers to sys_wrch.o(.text) for _ttywrch
    defsig_rtmem_inner.o(.text) refers to defsig_general.o(.text) for __default_signal_display
    sys_wrch.o(.text) refers (Special) to use_no_semi.o(.text) for __I$use$semihosting
    sys_wrch.o(.text) refers (Special) to indicate_semi.o(.text) for __semihosting_library_function
    defsig.o(CL$$defsig) refers to defsig_fpe_inner.o(.text) for __rt_SIGFPE_inner
    defsig.o(CL$$defsig) refers to defsig_rtmem_inner.o(.text) for __rt_SIGRTMEM_inner
    libshutdown.o(.ARM.Collect$$libshutdown$$00000000) refers (Special) to libshutdown2.o(.ARM.Collect$$libshutdown$$00000006) for __rt_lib_shutdown_fp_trap_1
    libshutdown.o(.ARM.Collect$$libshutdown$$00000000) refers (Special) to libshutdown2.o(.ARM.Collect$$libshutdown$$0000000E) for __rt_lib_shutdown_heap_1
    libshutdown.o(.ARM.Collect$$libshutdown$$00000000) refers (Special) to libshutdown2.o(.ARM.Collect$$libshutdown$$0000000F) for __rt_lib_shutdown_return
    libshutdown.o(.ARM.Collect$$libshutdown$$00000000) refers (Special) to libshutdown2.o(.ARM.Collect$$libshutdown$$00000009) for __rt_lib_shutdown_signal_1
    libshutdown.o(.ARM.Collect$$libshutdown$$00000000) refers (Special) to libshutdown2.o(.ARM.Collect$$libshutdown$$00000003) for __rt_lib_shutdown_stdio_1
    libshutdown.o(.ARM.Collect$$libshutdown$$00000000) refers (Special) to libshutdown2.o(.ARM.Collect$$libshutdown$$0000000B) for __rt_lib_shutdown_user_alloc_1
    defsig_abrt_inner.o(.text) refers to defsig_general.o(.text) for __default_signal_display
    defsig_rtred_inner.o(.text) refers to defsig_general.o(.text) for __default_signal_display
    defsig_stak_inner.o(.text) refers to defsig_general.o(.text) for __default_signal_display
    defsig_pvfn_inner.o(.text) refers to defsig_general.o(.text) for __default_signal_display
    defsig_cppl_inner.o(.text) refers to defsig_general.o(.text) for __default_signal_display
    defsig_segv_inner.o(.text) refers to defsig_general.o(.text) for __default_signal_display
    defsig_other.o(.text) refers to defsig_general.o(.text) for __default_signal_display
    usbcore.o(i.USB_ReqGetStatus) refers to usbcore.o(.data) for SetupPacket
    usbcore.o(i.USB_ReqGetStatus) refers to usbcore.o(.bss) for EP0Buf
    usbcore.o(i.USB_ReqSetClrFeature) refers to usbhw.o(.text) for USB_WakeUpCfg
    usbcore.o(i.USB_ReqSetClrFeature) refers to usbcore.o(.data) for SetupPacket
    usbcore.o(i.USB_ReqGetDescriptor) refers to usbcore.o(.data) for SetupPacket
    usbcore.o(i.USB_ReqGetDescriptor) refers to usbdesc.o(.constdata) for USB_DeviceDescriptor
    usbcore.o(i.USB_ReqSetConfiguration) refers to usbhw.o(.text) for USB_DisableEP
    usbcore.o(i.USB_ReqSetConfiguration) refers to usbcore.o(.data) for SetupPacket
    usbcore.o(i.USB_ReqSetConfiguration) refers to usbdesc.o(.constdata) for USB_ConfigDescriptor
    usbcore.o(i.USB_ReqSetInterface) refers to usbhw.o(.text) for USB_ConfigEP
    usbcore.o(i.USB_ReqSetInterface) refers to usbcore.o(.data) for SetupPacket
    usbcore.o(i.USB_ReqSetInterface) refers to usbdesc.o(.constdata) for USB_ConfigDescriptor


==============================================================================

Removing Unused input sections from the image.

    Removing adcuser.o(.constdata), (6 bytes).
    Removing core_cm3.o(.emb_text), (32 bytes).
    Removing kbd.o(.data), (4 bytes).

3 unused section(s) (total 42 bytes) removed from the image.

==============================================================================

Image Symbol Table

    Local Symbols

    Symbol Name                              Value     Ov Type        Size  Object(Section)

    RESET                                    0x00000000   Section      204  startup_lpc17xx.o(RESET)
    ../clib/angel/boardlib.s                 0x00000000   Number         0  boardinit1.o ABSOLUTE
    ../clib/angel/boardlib.s                 0x00000000   Number         0  boardshut.o ABSOLUTE
    ../clib/angel/boardlib.s                 0x00000000   Number         0  boardinit2.o ABSOLUTE
    ../clib/angel/boardlib.s                 0x00000000   Number         0  boardinit3.o ABSOLUTE
    ../clib/angel/handlers.s                 0x00000000   Number         0  __scatter_zi.o ABSOLUTE
    ../clib/angel/handlers.s                 0x00000000   Number         0  __scatter_copy.o ABSOLUTE
    ../clib/angel/kernel.s                   0x00000000   Number         0  rtexit.o ABSOLUTE
    ../clib/angel/kernel.s                   0x00000000   Number         0  rtexit2.o ABSOLUTE
    ../clib/angel/kernel.s                   0x00000000   Number         0  rtentry.o ABSOLUTE
    ../clib/angel/kernel.s                   0x00000000   Number         0  rtentry4.o ABSOLUTE
    ../clib/angel/kernel.s                   0x00000000   Number         0  rtentry2.o ABSOLUTE
    ../clib/angel/rt.s                       0x00000000   Number         0  rt_div0.o ABSOLUTE
    ../clib/angel/rt.s                       0x00000000   Number         0  rt_raise.o ABSOLUTE
    ../clib/angel/rt.s                       0x00000000   Number         0  aeabi_ldiv0_sigfpe.o ABSOLUTE
    ../clib/angel/rt.s                       0x00000000   Number         0  aeabi_ldiv0.o ABSOLUTE
    ../clib/angel/scatter.s                  0x00000000   Number         0  __scatter.o ABSOLUTE
    ../clib/angel/startup.s                  0x00000000   Number         0  __main.o ABSOLUTE
    ../clib/angel/sys.s                      0x00000000   Number         0  use_no_semi.o ABSOLUTE
    ../clib/angel/sys.s                      0x00000000   Number         0  sys_stackheap_outer.o ABSOLUTE
    ../clib/angel/sys.s                      0x00000000   Number         0  indicate_semi.o ABSOLUTE
    ../clib/angel/sys.s                      0x00000000   Number         0  libspace.o ABSOLUTE
    ../clib/angel/sysapp.c                   0x00000000   Number         0  sys_command.o ABSOLUTE
    ../clib/angel/sysapp.c                   0x00000000   Number         0  sys_wrch.o ABSOLUTE
    ../clib/angel/sysapp.c                   0x00000000   Number         0  sys_exit.o ABSOLUTE
    ../clib/armsys.c                         0x00000000   Number         0  argv_veneer.o ABSOLUTE
    ../clib/armsys.c                         0x00000000   Number         0  _get_argv_nomalloc.o ABSOLUTE
    ../clib/armsys.c                         0x00000000   Number         0  no_argv.o ABSOLUTE
    ../clib/armsys.c                         0x00000000   Number         0  argv_veneer.o ABSOLUTE
    ../clib/heapalloc.c                      0x00000000   Number         0  hrguard.o ABSOLUTE
    ../clib/heapaux.c                        0x00000000   Number         0  heapauxi.o ABSOLUTE
    ../clib/libinit.s                        0x00000000   Number         0  libshutdown.o ABSOLUTE
    ../clib/libinit.s                        0x00000000   Number         0  libinit.o ABSOLUTE
    ../clib/libinit.s                        0x00000000   Number         0  libshutdown2.o ABSOLUTE
    ../clib/libinit.s                        0x00000000   Number         0  libinit2.o ABSOLUTE
    ../clib/longlong.s                       0x00000000   Number         0  lludivv7m.o ABSOLUTE
    ../clib/memcpset.s                       0x00000000   Number         0  rt_memclr_w.o ABSOLUTE
    ../clib/printf.c                         0x00000000   Number         0  _printf_intcommon.o ABSOLUTE
    ../clib/printf.c                         0x00000000   Number         0  __printf_flags_ss.o ABSOLUTE
    ../clib/printf.c                         0x00000000   Number         0  __2sprintf.o ABSOLUTE
    ../clib/printf.c                         0x00000000   Number         0  __printf_flags_wp.o ABSOLUTE
    ../clib/printf.c                         0x00000000   Number         0  __printf_ss_wp.o ABSOLUTE
    ../clib/printf.c                         0x00000000   Number         0  __printf_nopercent.o ABSOLUTE
    ../clib/printf.c                         0x00000000   Number         0  __printf_flags_ss_wp.o ABSOLUTE
    ../clib/printf.c                         0x00000000   Number         0  noretval__2sprintf.o ABSOLUTE
    ../clib/printf.c                         0x00000000   Number         0  _sputc.o ABSOLUTE
    ../clib/printf.c                         0x00000000   Number         0  __printf.o ABSOLUTE
    ../clib/printf.c                         0x00000000   Number         0  _printf_char_common.o ABSOLUTE
    ../clib/printf.c                         0x00000000   Number         0  _printf_dec.o ABSOLUTE
    ../clib/printf.c                         0x00000000   Number         0  __printf_wp.o ABSOLUTE
    ../clib/printf.c                         0x00000000   Number         0  __printf_flags.o ABSOLUTE
    ../clib/printf.c                         0x00000000   Number         0  __printf_ss.o ABSOLUTE
    ../clib/printf_percent.s                 0x00000000   Number         0  _printf_percent.o ABSOLUTE
    ../clib/printf_percent.s                 0x00000000   Number         0  _printf_percent_end.o ABSOLUTE
    ../clib/printf_percent.s                 0x00000000   Number         0  _printf_d.o ABSOLUTE
    ../clib/signal.c                         0x00000000   Number         0  defsig_rtmem_outer.o ABSOLUTE
    ../clib/signal.c                         0x00000000   Number         0  defsig_exit.o ABSOLUTE
    ../clib/signal.c                         0x00000000   Number         0  defsig_fpe_formal.o ABSOLUTE
    ../clib/signal.c                         0x00000000   Number         0  defsig_abrt_inner.o ABSOLUTE
    ../clib/signal.c                         0x00000000   Number         0  defsig_fpe_inner.o ABSOLUTE
    ../clib/signal.c                         0x00000000   Number         0  __raise.o ABSOLUTE
    ../clib/signal.c                         0x00000000   Number         0  defsig_rtred_inner.o ABSOLUTE
    ../clib/signal.c                         0x00000000   Number         0  defsig_stak_inner.o ABSOLUTE
    ../clib/signal.c                         0x00000000   Number         0  defsig_rtmem_inner.o ABSOLUTE
    ../clib/signal.c                         0x00000000   Number         0  defsig_general.o ABSOLUTE
    ../clib/signal.c                         0x00000000   Number         0  defsig_other.o ABSOLUTE
    ../clib/signal.c                         0x00000000   Number         0  defsig_pvfn_inner.o ABSOLUTE
    ../clib/signal.c                         0x00000000   Number         0  defsig_cppl_inner.o ABSOLUTE
    ../clib/signal.c                         0x00000000   Number         0  defsig_segv_inner.o ABSOLUTE
    ../clib/signal.c                         0x00000000   Number         0  defsig_rtmem_formal.o ABSOLUTE
    ../clib/signal.c                         0x00000000   Number         0  defsig_fpe_outer.o ABSOLUTE
    ../clib/signal.s                         0x00000000   Number         0  defsig.o ABSOLUTE
    ../clib/stdlib.c                         0x00000000   Number         0  rand.o ABSOLUTE
    ../clib/stdlib.c                         0x00000000   Number         0  exit.o ABSOLUTE
    ../clib/stdlib.c                         0x00000000   Number         0  rand.o ABSOLUTE
    ../fplib/fpinit.s                        0x00000000   Number         0  fpinit.o ABSOLUTE
    ADC.c                                    0x00000000   Number         0  adc.o ABSOLUTE
    GLCD_SPI_LPC1700.c                       0x00000000   Number         0  glcd_spi_lpc1700.o ABSOLUTE
    IRQ.c                                    0x00000000   Number         0  irq.o ABSOLUTE
    KBD.c                                    0x00000000   Number         0  kbd.o ABSOLUTE
    LED.c                                    0x00000000   Number         0  led.o ABSOLUTE
    adcuser.c                                0x00000000   Number         0  adcuser.o ABSOLUTE
    core_cm3.c                               0x00000000   Number         0  core_cm3.o ABSOLUTE
    core_cm3.c                               0x00000000   Number         0  core_cm3.o ABSOLUTE
    dc.s                                     0x00000000   Number         0  dc.o ABSOLUTE
    startup_LPC17xx.s                        0x00000000   Number         0  startup_lpc17xx.o ABSOLUTE
    system_LPC17xx.c                         0x00000000   Number         0  system_lpc17xx.o ABSOLUTE
    usbcore.c                                0x00000000   Number         0  usbcore.o ABSOLUTE
    usbdesc.c                                0x00000000   Number         0  usbdesc.o ABSOLUTE
    usbdmain.c                               0x00000000   Number         0  usbdmain.o ABSOLUTE
    usbhw.c                                  0x00000000   Number         0  usbhw.o ABSOLUTE
    usbuser.c                                0x00000000   Number         0  usbuser.o ABSOLUTE
    !!!main                                  0x000000cc   Section        8  __main.o(!!!main)
    !!!scatter                               0x000000d4   Section       52  __scatter.o(!!!scatter)
    !!handler_copy                           0x00000108   Section       26  __scatter_copy.o(!!handler_copy)
    !!handler_zi                             0x00000124   Section       28  __scatter_zi.o(!!handler_zi)
    .ARM.Collect$$_printf_percent$$00000000  0x00000140   Section        0  _printf_percent.o(.ARM.Collect$$_printf_percent$$00000000)
    .ARM.Collect$$_printf_percent$$00000009  0x00000140   Section        6  _printf_d.o(.ARM.Collect$$_printf_percent$$00000009)
    .ARM.Collect$$_printf_percent$$00000017  0x00000146   Section        4  _printf_percent_end.o(.ARM.Collect$$_printf_percent$$00000017)
    .ARM.Collect$$libinit$$00000000          0x0000014a   Section        2  libinit.o(.ARM.Collect$$libinit$$00000000)
    .ARM.Collect$$libinit$$00000002          0x0000014c   Section        0  libinit2.o(.ARM.Collect$$libinit$$00000002)
    .ARM.Collect$$libinit$$00000008          0x0000014c   Section        0  libinit2.o(.ARM.Collect$$libinit$$00000008)
    .ARM.Collect$$libinit$$0000000A          0x0000014c   Section        0  libinit2.o(.ARM.Collect$$libinit$$0000000A)
    .ARM.Collect$$libinit$$0000000B          0x0000014c   Section        4  libinit2.o(.ARM.Collect$$libinit$$0000000B)
    .ARM.Collect$$libinit$$0000000C          0x00000150   Section        0  libinit2.o(.ARM.Collect$$libinit$$0000000C)
    .ARM.Collect$$libinit$$0000000F          0x00000150   Section        0  libinit2.o(.ARM.Collect$$libinit$$0000000F)
    .ARM.Collect$$libinit$$00000011          0x00000150   Section        0  libinit2.o(.ARM.Collect$$libinit$$00000011)
    .ARM.Collect$$libinit$$00000013          0x00000150   Section        0  libinit2.o(.ARM.Collect$$libinit$$00000013)
    .ARM.Collect$$libinit$$00000015          0x00000150   Section        0  libinit2.o(.ARM.Collect$$libinit$$00000015)
    .ARM.Collect$$libinit$$00000017          0x00000150   Section        0  libinit2.o(.ARM.Collect$$libinit$$00000017)
    .ARM.Collect$$libinit$$00000019          0x00000150   Section        0  libinit2.o(.ARM.Collect$$libinit$$00000019)
    .ARM.Collect$$libinit$$0000001B          0x00000150   Section        0  libinit2.o(.ARM.Collect$$libinit$$0000001B)
    .ARM.Collect$$libinit$$0000001D          0x00000150   Section        0  libinit2.o(.ARM.Collect$$libinit$$0000001D)
    .ARM.Collect$$libinit$$0000001F          0x00000150   Section        0  libinit2.o(.ARM.Collect$$libinit$$0000001F)
    .ARM.Collect$$libinit$$00000021          0x00000150   Section        0  libinit2.o(.ARM.Collect$$libinit$$00000021)
    .ARM.Collect$$libinit$$00000023          0x00000150   Section        0  libinit2.o(.ARM.Collect$$libinit$$00000023)
    .ARM.Collect$$libinit$$0000002A          0x00000150   Section        0  libinit2.o(.ARM.Collect$$libinit$$0000002A)
    .ARM.Collect$$libinit$$0000002C          0x00000150   Section        0  libinit2.o(.ARM.Collect$$libinit$$0000002C)
    .ARM.Collect$$libinit$$0000002E          0x00000150   Section        0  libinit2.o(.ARM.Collect$$libinit$$0000002E)
    .ARM.Collect$$libinit$$00000030          0x00000150   Section        0  libinit2.o(.ARM.Collect$$libinit$$00000030)
    .ARM.Collect$$libinit$$00000031          0x00000150   Section        2  libinit2.o(.ARM.Collect$$libinit$$00000031)
    .ARM.Collect$$libshutdown$$00000000      0x00000152   Section        2  libshutdown.o(.ARM.Collect$$libshutdown$$00000000)
    .ARM.Collect$$libshutdown$$00000003      0x00000154   Section        0  libshutdown2.o(.ARM.Collect$$libshutdown$$00000003)
    .ARM.Collect$$libshutdown$$00000006      0x00000154   Section        0  libshutdown2.o(.ARM.Collect$$libshutdown$$00000006)
    .ARM.Collect$$libshutdown$$00000009      0x00000154   Section        0  libshutdown2.o(.ARM.Collect$$libshutdown$$00000009)
    .ARM.Collect$$libshutdown$$0000000B      0x00000154   Section        0  libshutdown2.o(.ARM.Collect$$libshutdown$$0000000B)
    .ARM.Collect$$libshutdown$$0000000E      0x00000154   Section        0  libshutdown2.o(.ARM.Collect$$libshutdown$$0000000E)
    .ARM.Collect$$libshutdown$$0000000F      0x00000154   Section        2  libshutdown2.o(.ARM.Collect$$libshutdown$$0000000F)
    .ARM.Collect$$rtentry$$00000000          0x00000156   Section        0  rtentry.o(.ARM.Collect$$rtentry$$00000000)
    .ARM.Collect$$rtentry$$00000002          0x00000156   Section        0  rtentry2.o(.ARM.Collect$$rtentry$$00000002)
    .ARM.Collect$$rtentry$$00000004          0x00000156   Section        6  rtentry4.o(.ARM.Collect$$rtentry$$00000004)
    .ARM.Collect$$rtentry$$00000009          0x0000015c   Section        0  rtentry2.o(.ARM.Collect$$rtentry$$00000009)
    .ARM.Collect$$rtentry$$0000000A          0x0000015c   Section        4  rtentry2.o(.ARM.Collect$$rtentry$$0000000A)
    .ARM.Collect$$rtentry$$0000000C          0x00000160   Section        0  rtentry2.o(.ARM.Collect$$rtentry$$0000000C)
    .ARM.Collect$$rtentry$$0000000D          0x00000160   Section        8  rtentry2.o(.ARM.Collect$$rtentry$$0000000D)
    .ARM.Collect$$rtexit$$00000000           0x00000168   Section        2  rtexit.o(.ARM.Collect$$rtexit$$00000000)
    .ARM.Collect$$rtexit$$00000002           0x0000016a   Section        0  rtexit2.o(.ARM.Collect$$rtexit$$00000002)
    .ARM.Collect$$rtexit$$00000003           0x0000016a   Section        4  rtexit2.o(.ARM.Collect$$rtexit$$00000003)
    .ARM.Collect$$rtexit$$00000004           0x0000016e   Section        6  rtexit2.o(.ARM.Collect$$rtexit$$00000004)
    .emb_text                                0x00000174   Section       52  rand.o(.emb_text)
    .text                                    0x000001a8   Section        0  usbuser.o(.text)
    .text                                    0x00000288   Section        0  irq.o(.text)
    .text                                    0x000002b4   Section       60  startup_lpc17xx.o(.text)
    .text                                    0x000002f0   Section        0  heapauxi.o(.text)
    .text                                    0x000002f6   Section        2  use_no_semi.o(.text)
    .text                                    0x000002f8   Section        0  indicate_semi.o(.text)
    .ARM.__at_0x02FC                         0x000002fc   Section        4  startup_lpc17xx.o(.ARM.__at_0x02FC)
    .text                                    0x00000300   Section        0  usbcore.o(.text)
    .text                                    0x000006dc   Section        0  usbdmain.o(.text)
    NVIC_DisableIRQ                          0x0000239b   Thumb Code    18  usbdmain.o(.text)
    .text                                    0x00002408   Section        0  usbhw.o(.text)
    .text                                    0x00002cbc   Section        0  adcuser.o(.text)
    .text                                    0x00002da4   Section        0  adc.o(.text)
    .text                                    0x00002e4c   Section        0  kbd.o(.text)
    .text                                    0x00002eac   Section        0  led.o(.text)
    .text                                    0x00002f58   Section        0  system_lpc17xx.o(.text)
    .text                                    0x000033b8   Section        0  glcd_spi_lpc1700.o(.text)
    delay                                    0x000033b9   Thumb Code    14  glcd_spi_lpc1700.o(.text)
    spi_tran_man                             0x000033c7   Thumb Code   124  glcd_spi_lpc1700.o(.text)
    wr_cmd                                   0x00003443   Thumb Code    36  glcd_spi_lpc1700.o(.text)
    wr_dat                                   0x00003467   Thumb Code    36  glcd_spi_lpc1700.o(.text)
    rd_reg                                   0x0000348b   Thumb Code    66  glcd_spi_lpc1700.o(.text)
    rd_id_man                                0x000034cd   Thumb Code   132  glcd_spi_lpc1700.o(.text)
    spi_tran                                 0x00003eeb   Thumb Code    26  glcd_spi_lpc1700.o(.text)
    wr_dat_start                             0x00003f05   Thumb Code    16  glcd_spi_lpc1700.o(.text)
    wr_dat_stop                              0x00003f15   Thumb Code     8  glcd_spi_lpc1700.o(.text)
    wr_dat_only                              0x00003f1d   Thumb Code    18  glcd_spi_lpc1700.o(.text)
    wr_reg                                   0x00003f2f   Thumb Code    20  glcd_spi_lpc1700.o(.text)
    .text                                    0x00003f5c   Section      238  lludivv7m.o(.text)
    .text                                    0x0000404c   Section        0  noretval__2sprintf.o(.text)
    .text                                    0x00004074   Section        0  __printf.o(.text)
    .text                                    0x000040dc   Section        0  _printf_dec.o(.text)
    .text                                    0x00004154   Section        0  rand.o(.text)
    .text                                    0x00004190   Section       78  rt_memclr_w.o(.text)
    .text                                    0x000041de   Section        0  _printf_intcommon.o(.text)
    .text                                    0x00004298   Section        0  _printf_char_common.o(.text)
    _printf_input_char                       0x00004299   Thumb Code    10  _printf_char_common.o(.text)
    .text                                    0x000042c8   Section        0  _sputc.o(.text)
    .text                                    0x000042d2   Section       74  sys_stackheap_outer.o(.text)
    .text                                    0x0000431c   Section        0  exit.o(.text)
    .text                                    0x00004328   Section        8  libspace.o(.text)
    .text                                    0x00004330   Section        0  sys_exit.o(.text)
    i.USB_ReqGetDescriptor                   0x0000433c   Section        0  usbcore.o(i.USB_ReqGetDescriptor)
    i.USB_ReqGetStatus                       0x000043f4   Section        0  usbcore.o(i.USB_ReqGetStatus)
    i.USB_ReqSetClrFeature                   0x000044b4   Section        0  usbcore.o(i.USB_ReqSetClrFeature)
    i.USB_ReqSetConfiguration                0x000045a0   Section        0  usbcore.o(i.USB_ReqSetConfiguration)
    i.USB_ReqSetInterface                    0x00004754   Section        0  usbcore.o(i.USB_ReqSetInterface)
    .constdata                               0x00004884   Section       64  usbuser.o(.constdata)
    .constdata                               0x000048c4   Section      228  usbdesc.o(.constdata)
    .constdata                               0x000049a8   Section    405908  usbdmain.o(.constdata)
    APPLE_pixel_data                         0x000049a8   Data       67501  usbdmain.o(.constdata)
    CHROME_pixel_data                        0x00015155   Data       67501  usbdmain.o(.constdata)
    SAFARI_pixel_data                        0x00025902   Data       67501  usbdmain.o(.constdata)
    GOOGLE_pixel_data                        0x000360af   Data       67501  usbdmain.o(.constdata)
    ANDROID_pixel_data                       0x0004685c   Data       67501  usbdmain.o(.constdata)
    TTTO_pixel_data                          0x00057009   Data       19201  usbdmain.o(.constdata)
    TTTX_pixel_data                          0x0005bb0a   Data       19201  usbdmain.o(.constdata)
    BLACK_pixel_data                         0x0006060b   Data       30001  usbdmain.o(.constdata)
    .constdata                               0x00067b3c   Section       16  usbhw.o(.constdata)
    .constdata                               0x00067b4c   Section       32  led.o(.constdata)
    .constdata                               0x00067b6c   Section     6272  glcd_spi_lpc1700.o(.constdata)
    .data                                    0x10000000   Section       40  usbcore.o(.data)
    .data                                    0x10000028   Section       60  usbdmain.o(.data)
    .data                                    0x10000064   Section        8  usbhw.o(.data)
    .data                                    0x1000006c   Section        2  adcuser.o(.data)
    .data                                    0x1000006e   Section        4  adc.o(.data)
    .data                                    0x10000074   Section       13  irq.o(.data)
    ticks                                    0x10000074   Data           4  irq.o(.data)
    timetick                                 0x10000078   Data           4  irq.o(.data)
    leds                                     0x1000007c   Data           4  irq.o(.data)
    .data                                    0x10000084   Section        8  system_lpc17xx.o(.data)
    .data                                    0x1000008c   Section        5  glcd_spi_lpc1700.o(.data)
    Color                                    0x1000008c   Data           4  glcd_spi_lpc1700.o(.data)
    Himax                                    0x10000090   Data           1  glcd_spi_lpc1700.o(.data)
    .bss                                     0x10000094   Section       64  usbcore.o(.bss)
    .bss                                     0x100000d4   Section      128  usbhw.o(.bss)
    .bss                                     0x10000154   Section      228  rand.o(.bss)
    .bss                                     0x10000238   Section       96  libspace.o(.bss)
    HEAP                                     0x10000298   Section        0  startup_lpc17xx.o(HEAP)
    STACK                                    0x10000298   Section      512  startup_lpc17xx.o(STACK)
    Heap_Mem                                 0x10000298   Data           0  startup_lpc17xx.o(HEAP)
    Stack_Mem                                0x10000298   Data         512  startup_lpc17xx.o(STACK)
    __initial_sp                             0x10000498   Data           0  startup_lpc17xx.o(STACK)
    USB_RAM                                  0x20080000   Section      544  usbhw.o(USB_RAM)

    Global Symbols

    Symbol Name                              Value     Ov Type        Size  Object(Section)

    BuildAttributes$$THM_ISAv4$P$D$K$B$S$PE$A:L22UL41UL21$X:L11$S22US41US21$IEEE1$IW$USESV6$~STKCKD$USESV7$~SHL$OSPACE$ROPI$EBA8$UX$STANDARDLIB$REQ8$PRES8$EABIv2 0x00000000   Number         0  anon$$obj.o ABSOLUTE
    __ARM_use_no_argv                        0x00000000   Number         0  usbdmain.o ABSOLUTE
    __Vectors                                0x00000000   Data           4  startup_lpc17xx.o(RESET)
    __ARM_exceptions_init                     - Undefined Weak Reference
    __alloca_initialize                       - Undefined Weak Reference
    __cpp_initialize__aeabi_                  - Undefined Weak Reference
    __cxa_finalize                            - Undefined Weak Reference
    __rt_locale                               - Undefined Weak Reference
    __sigvec_lookup                           - Undefined Weak Reference
    _atexit_init                              - Undefined Weak Reference
    _call_atexit_fns                          - Undefined Weak Reference
    _clock_init                               - Undefined Weak Reference
    _fp_trap_init                             - Undefined Weak Reference
    _fp_trap_shutdown                         - Undefined Weak Reference
    _get_lc_collate                           - Undefined Weak Reference
    _get_lc_ctype                             - Undefined Weak Reference
    _get_lc_monetary                          - Undefined Weak Reference
    _get_lc_numeric                           - Undefined Weak Reference
    _get_lc_time                              - Undefined Weak Reference
    _getenv_init                              - Undefined Weak Reference
    _handle_redirection                       - Undefined Weak Reference
    _init_alloc                               - Undefined Weak Reference
    _init_user_alloc                          - Undefined Weak Reference
    _initio                                   - Undefined Weak Reference
    _printf_post_padding                      - Undefined Weak Reference
    _printf_pre_padding                       - Undefined Weak Reference
    _printf_truncate_signed                   - Undefined Weak Reference
    _printf_truncate_unsigned                 - Undefined Weak Reference
    _signal_finish                            - Undefined Weak Reference
    _signal_init                              - Undefined Weak Reference
    _terminate_alloc                          - Undefined Weak Reference
    _terminate_user_alloc                     - Undefined Weak Reference
    _terminateio                              - Undefined Weak Reference
    __main                                   0x000000cd   Thumb Code     8  __main.o(!!!main)
    __scatterload                            0x000000d5   Thumb Code     0  __scatter.o(!!!scatter)
    __scatterload_rt2                        0x000000d5   Thumb Code    44  __scatter.o(!!!scatter)
    __scatterload_rt2_thumb_only             0x000000d5   Thumb Code     0  __scatter.o(!!!scatter)
    __scatterload_null                       0x000000e3   Thumb Code     0  __scatter.o(!!!scatter)
    __scatterload_copy                       0x00000109   Thumb Code    26  __scatter_copy.o(!!handler_copy)
    __scatterload_zeroinit                   0x00000125   Thumb Code    28  __scatter_zi.o(!!handler_zi)
    _printf_d                                0x00000141   Thumb Code     0  _printf_d.o(.ARM.Collect$$_printf_percent$$00000009)
    _printf_percent                          0x00000141   Thumb Code     0  _printf_percent.o(.ARM.Collect$$_printf_percent$$00000000)
    _printf_percent_end                      0x00000147   Thumb Code     0  _printf_percent_end.o(.ARM.Collect$$_printf_percent$$00000017)
    __rt_lib_init                            0x0000014b   Thumb Code     0  libinit.o(.ARM.Collect$$libinit$$00000000)
    __rt_lib_init_fp_1                       0x0000014d   Thumb Code     0  libinit2.o(.ARM.Collect$$libinit$$00000002)
    __rt_lib_init_heap_1                     0x0000014d   Thumb Code     0  libinit2.o(.ARM.Collect$$libinit$$00000008)
    __rt_lib_init_rand_2                     0x0000014d   Thumb Code     0  libinit2.o(.ARM.Collect$$libinit$$0000000B)
    __rt_lib_init_user_alloc_1               0x0000014d   Thumb Code     0  libinit2.o(.ARM.Collect$$libinit$$0000000A)
    __rt_lib_init_alloca_1                   0x00000151   Thumb Code     0  libinit2.o(.ARM.Collect$$libinit$$0000002C)
    __rt_lib_init_argv_1                     0x00000151   Thumb Code     0  libinit2.o(.ARM.Collect$$libinit$$0000002A)
    __rt_lib_init_atexit_1                   0x00000151   Thumb Code     0  libinit2.o(.ARM.Collect$$libinit$$00000019)
    __rt_lib_init_clock_1                    0x00000151   Thumb Code     0  libinit2.o(.ARM.Collect$$libinit$$0000001F)
    __rt_lib_init_cpp_1                      0x00000151   Thumb Code     0  libinit2.o(.ARM.Collect$$libinit$$00000030)
    __rt_lib_init_exceptions_1               0x00000151   Thumb Code     0  libinit2.o(.ARM.Collect$$libinit$$0000002E)
    __rt_lib_init_fp_trap_1                  0x00000151   Thumb Code     0  libinit2.o(.ARM.Collect$$libinit$$0000001D)
    __rt_lib_init_getenv_1                   0x00000151   Thumb Code     0  libinit2.o(.ARM.Collect$$libinit$$00000021)
    __rt_lib_init_lc_collate_1               0x00000151   Thumb Code     0  libinit2.o(.ARM.Collect$$libinit$$0000000F)
    __rt_lib_init_lc_ctype_1                 0x00000151   Thumb Code     0  libinit2.o(.ARM.Collect$$libinit$$00000011)
    __rt_lib_init_lc_monetary_1              0x00000151   Thumb Code     0  libinit2.o(.ARM.Collect$$libinit$$00000013)
    __rt_lib_init_lc_numeric_1               0x00000151   Thumb Code     0  libinit2.o(.ARM.Collect$$libinit$$00000015)
    __rt_lib_init_lc_time_1                  0x00000151   Thumb Code     0  libinit2.o(.ARM.Collect$$libinit$$00000017)
    __rt_lib_init_rand_1                     0x00000151   Thumb Code     0  libinit2.o(.ARM.Collect$$libinit$$0000000C)
    __rt_lib_init_return                     0x00000151   Thumb Code     0  libinit2.o(.ARM.Collect$$libinit$$00000031)
    __rt_lib_init_signal_1                   0x00000151   Thumb Code     0  libinit2.o(.ARM.Collect$$libinit$$0000001B)
    __rt_lib_init_stdio_1                    0x00000151   Thumb Code     0  libinit2.o(.ARM.Collect$$libinit$$00000023)
    __rt_lib_shutdown                        0x00000153   Thumb Code     0  libshutdown.o(.ARM.Collect$$libshutdown$$00000000)
    __rt_lib_shutdown_fp_trap_1              0x00000155   Thumb Code     0  libshutdown2.o(.ARM.Collect$$libshutdown$$00000006)
    __rt_lib_shutdown_heap_1                 0x00000155   Thumb Code     0  libshutdown2.o(.ARM.Collect$$libshutdown$$0000000E)
    __rt_lib_shutdown_return                 0x00000155   Thumb Code     0  libshutdown2.o(.ARM.Collect$$libshutdown$$0000000F)
    __rt_lib_shutdown_signal_1               0x00000155   Thumb Code     0  libshutdown2.o(.ARM.Collect$$libshutdown$$00000009)
    __rt_lib_shutdown_stdio_1                0x00000155   Thumb Code     0  libshutdown2.o(.ARM.Collect$$libshutdown$$00000003)
    __rt_lib_shutdown_user_alloc_1           0x00000155   Thumb Code     0  libshutdown2.o(.ARM.Collect$$libshutdown$$0000000B)
    __rt_entry                               0x00000157   Thumb Code     0  rtentry.o(.ARM.Collect$$rtentry$$00000000)
    __rt_entry_presh_1                       0x00000157   Thumb Code     0  rtentry2.o(.ARM.Collect$$rtentry$$00000002)
    __rt_entry_sh                            0x00000157   Thumb Code     0  rtentry4.o(.ARM.Collect$$rtentry$$00000004)
    __rt_entry_li                            0x0000015d   Thumb Code     0  rtentry2.o(.ARM.Collect$$rtentry$$0000000A)
    __rt_entry_postsh_1                      0x0000015d   Thumb Code     0  rtentry2.o(.ARM.Collect$$rtentry$$00000009)
    __rt_entry_main                          0x00000161   Thumb Code     0  rtentry2.o(.ARM.Collect$$rtentry$$0000000D)
    __rt_entry_postli_1                      0x00000161   Thumb Code     0  rtentry2.o(.ARM.Collect$$rtentry$$0000000C)
    __rt_exit                                0x00000169   Thumb Code     0  rtexit.o(.ARM.Collect$$rtexit$$00000000)
    __rt_exit_ls                             0x0000016b   Thumb Code     0  rtexit2.o(.ARM.Collect$$rtexit$$00000003)
    __rt_exit_prels_1                        0x0000016b   Thumb Code     0  rtexit2.o(.ARM.Collect$$rtexit$$00000002)
    __rt_exit_exit                           0x0000016f   Thumb Code     0  rtexit2.o(.ARM.Collect$$rtexit$$00000004)
    rand                                     0x00000175   Thumb Code    48  rand.o(.emb_text)
    USB_Reset_Event                          0x000001a9   Thumb Code     8  usbuser.o(.text)
    USB_SOF_Event                            0x000001b1   Thumb Code     2  usbuser.o(.text)
    USB_EndPoint1                            0x000001b3   Thumb Code     2  usbuser.o(.text)
    USB_EndPoint2                            0x000001b5   Thumb Code     2  usbuser.o(.text)
    USB_EndPoint3                            0x000001b7   Thumb Code   164  usbuser.o(.text)
    USB_EndPoint4                            0x0000025b   Thumb Code     2  usbuser.o(.text)
    USB_EndPoint5                            0x0000025d   Thumb Code     2  usbuser.o(.text)
    USB_EndPoint6                            0x0000025f   Thumb Code     2  usbuser.o(.text)
    USB_EndPoint7                            0x00000261   Thumb Code     2  usbuser.o(.text)
    USB_EndPoint8                            0x00000263   Thumb Code     2  usbuser.o(.text)
    USB_EndPoint9                            0x00000265   Thumb Code     2  usbuser.o(.text)
    USB_EndPoint10                           0x00000267   Thumb Code     2  usbuser.o(.text)
    USB_EndPoint11                           0x00000269   Thumb Code     2  usbuser.o(.text)
    USB_EndPoint12                           0x0000026b   Thumb Code     2  usbuser.o(.text)
    USB_EndPoint13                           0x0000026d   Thumb Code     2  usbuser.o(.text)
    USB_EndPoint14                           0x0000026f   Thumb Code     2  usbuser.o(.text)
    USB_EndPoint15                           0x00000271   Thumb Code     2  usbuser.o(.text)
    SysTick_Handler                          0x00000289   Thumb Code    36  irq.o(.text)
    Reset_Handler                            0x000002b5   Thumb Code     8  startup_lpc17xx.o(.text)
    NMI_Handler                              0x000002bd   Thumb Code     2  startup_lpc17xx.o(.text)
    HardFault_Handler                        0x000002bf   Thumb Code     2  startup_lpc17xx.o(.text)
    MemManage_Handler                        0x000002c1   Thumb Code     2  startup_lpc17xx.o(.text)
    BusFault_Handler                         0x000002c3   Thumb Code     2  startup_lpc17xx.o(.text)
    UsageFault_Handler                       0x000002c5   Thumb Code     2  startup_lpc17xx.o(.text)
    SVC_Handler                              0x000002c7   Thumb Code     2  startup_lpc17xx.o(.text)
    DebugMon_Handler                         0x000002c9   Thumb Code     2  startup_lpc17xx.o(.text)
    PendSV_Handler                           0x000002cb   Thumb Code     2  startup_lpc17xx.o(.text)
    ADC_IRQHandler                           0x000002cf   Thumb Code     0  startup_lpc17xx.o(.text)
    BOD_IRQHandler                           0x000002cf   Thumb Code     0  startup_lpc17xx.o(.text)
    CANActivity_IRQHandler                   0x000002cf   Thumb Code     0  startup_lpc17xx.o(.text)
    CAN_IRQHandler                           0x000002cf   Thumb Code     0  startup_lpc17xx.o(.text)
    DMA_IRQHandler                           0x000002cf   Thumb Code     0  startup_lpc17xx.o(.text)
    EINT0_IRQHandler                         0x000002cf   Thumb Code     0  startup_lpc17xx.o(.text)
    EINT1_IRQHandler                         0x000002cf   Thumb Code     0  startup_lpc17xx.o(.text)
    EINT2_IRQHandler                         0x000002cf   Thumb Code     0  startup_lpc17xx.o(.text)
    EINT3_IRQHandler                         0x000002cf   Thumb Code     0  startup_lpc17xx.o(.text)
    ENET_IRQHandler                          0x000002cf   Thumb Code     0  startup_lpc17xx.o(.text)
    I2C0_IRQHandler                          0x000002cf   Thumb Code     0  startup_lpc17xx.o(.text)
    I2C1_IRQHandler                          0x000002cf   Thumb Code     0  startup_lpc17xx.o(.text)
    I2C2_IRQHandler                          0x000002cf   Thumb Code     0  startup_lpc17xx.o(.text)
    I2S_IRQHandler                           0x000002cf   Thumb Code     0  startup_lpc17xx.o(.text)
    MCPWM_IRQHandler                         0x000002cf   Thumb Code     0  startup_lpc17xx.o(.text)
    PLL0_IRQHandler                          0x000002cf   Thumb Code     0  startup_lpc17xx.o(.text)
    PLL1_IRQHandler                          0x000002cf   Thumb Code     0  startup_lpc17xx.o(.text)
    PWM1_IRQHandler                          0x000002cf   Thumb Code     0  startup_lpc17xx.o(.text)
    QEI_IRQHandler                           0x000002cf   Thumb Code     0  startup_lpc17xx.o(.text)
    RIT_IRQHandler                           0x000002cf   Thumb Code     0  startup_lpc17xx.o(.text)
    RTC_IRQHandler                           0x000002cf   Thumb Code     0  startup_lpc17xx.o(.text)
    SPI_IRQHandler                           0x000002cf   Thumb Code     0  startup_lpc17xx.o(.text)
    SSP0_IRQHandler                          0x000002cf   Thumb Code     0  startup_lpc17xx.o(.text)
    SSP1_IRQHandler                          0x000002cf   Thumb Code     0  startup_lpc17xx.o(.text)
    TIMER1_IRQHandler                        0x000002cf   Thumb Code     0  startup_lpc17xx.o(.text)
    TIMER2_IRQHandler                        0x000002cf   Thumb Code     0  startup_lpc17xx.o(.text)
    TIMER3_IRQHandler                        0x000002cf   Thumb Code     0  startup_lpc17xx.o(.text)
    UART0_IRQHandler                         0x000002cf   Thumb Code     0  startup_lpc17xx.o(.text)
    UART1_IRQHandler                         0x000002cf   Thumb Code     0  startup_lpc17xx.o(.text)
    UART2_IRQHandler                         0x000002cf   Thumb Code     0  startup_lpc17xx.o(.text)
    UART3_IRQHandler                         0x000002cf   Thumb Code     0  startup_lpc17xx.o(.text)
    USBActivity_IRQHandler                   0x000002cf   Thumb Code     0  startup_lpc17xx.o(.text)
    WDT_IRQHandler                           0x000002cf   Thumb Code     0  startup_lpc17xx.o(.text)
    __user_initial_stackheap                 0x000002d1   Thumb Code     0  startup_lpc17xx.o(.text)
    __use_two_region_memory                  0x000002f1   Thumb Code     2  heapauxi.o(.text)
    __rt_heap_escrow$2region                 0x000002f3   Thumb Code     2  heapauxi.o(.text)
    __rt_heap_expand$2region                 0x000002f5   Thumb Code     2  heapauxi.o(.text)
    __I$use$semihosting                      0x000002f7   Thumb Code     0  use_no_semi.o(.text)
    __use_no_semihosting_swi                 0x000002f7   Thumb Code     2  use_no_semi.o(.text)
    __semihosting_library_function           0x000002f9   Thumb Code     0  indicate_semi.o(.text)
    USB_ResetCore                            0x00000301   Thumb Code    34  usbcore.o(.text)
    USB_SetupStage                           0x00000323   Thumb Code    12  usbcore.o(.text)
    USB_DataInStage                          0x0000032f   Thumb Code    52  usbcore.o(.text)
    USB_DataOutStage                         0x00000363   Thumb Code    34  usbcore.o(.text)
    USB_StatusInStage                        0x00000385   Thumb Code    14  usbcore.o(.text)
    USB_StatusOutStage                       0x00000393   Thumb Code    12  usbcore.o(.text)
    USB_EndPoint0                            0x0000039f   Thumb Code   784  usbcore.o(.text)
    delay                                    0x000006dd   Thumb Code    12  usbdmain.o(.text)
    get_potval                               0x000006e9   Thumb Code    54  usbdmain.o(.text)
    TIMER0_IRQHandler                        0x0000071f   Thumb Code   280  usbdmain.o(.text)
    mp3player                                0x00000837   Thumb Code   184  usbdmain.o(.text)
    gallery                                  0x000008ef   Thumb Code  1110  usbdmain.o(.text)
    populate_states                          0x00000d45   Thumb Code   108  usbdmain.o(.text)
    check_winner                             0x00000db1   Thumb Code   376  usbdmain.o(.text)
    cpu_check_opponent                       0x00000f29   Thumb Code   652  usbdmain.o(.text)
    cpu_check_myself                         0x000011b5   Thumb Code   622  usbdmain.o(.text)
    game                                     0x00001423   Thumb Code  1486  usbdmain.o(.text)
    game2                                    0x000019f1   Thumb Code  1622  usbdmain.o(.text)
    gamemenu                                 0x00002047   Thumb Code   334  usbdmain.o(.text)
    menu                                     0x00002195   Thumb Code   488  usbdmain.o(.text)
    main                                     0x0000237d   Thumb Code    30  usbdmain.o(.text)
    EPAdr                                    0x00002409   Thumb Code    16  usbhw.o(.text)
    WrCmd                                    0x00002419   Thumb Code    26  usbhw.o(.text)
    WrCmdDat                                 0x00002433   Thumb Code    50  usbhw.o(.text)
    WrCmdEP                                  0x00002465   Thumb Code    70  usbhw.o(.text)
    RdCmdDat                                 0x000024ab   Thumb Code    32  usbhw.o(.text)
    USB_SetAddress                           0x000024cb   Thumb Code    42  usbhw.o(.text)
    USB_Reset                                0x000024f5   Thumb Code   170  usbhw.o(.text)
    USB_Init                                 0x0000259f   Thumb Code   138  usbhw.o(.text)
    USB_Connect                              0x00002629   Thumb Code    28  usbhw.o(.text)
    USB_Suspend                              0x00002645   Thumb Code     2  usbhw.o(.text)
    USB_Resume                               0x00002647   Thumb Code     2  usbhw.o(.text)
    USB_WakeUp                               0x00002649   Thumb Code    22  usbhw.o(.text)
    USB_WakeUpCfg                            0x0000265f   Thumb Code     2  usbhw.o(.text)
    USB_Configure                            0x00002661   Thumb Code    54  usbhw.o(.text)
    USB_ConfigEP                             0x00002697   Thumb Code    66  usbhw.o(.text)
    USB_DirCtrlEP                            0x000026d9   Thumb Code     2  usbhw.o(.text)
    USB_EnableEP                             0x000026db   Thumb Code    26  usbhw.o(.text)
    USB_DisableEP                            0x000026f5   Thumb Code    26  usbhw.o(.text)
    USB_ResetEP                              0x0000270f   Thumb Code    26  usbhw.o(.text)
    USB_SetStallEP                           0x00002729   Thumb Code    26  usbhw.o(.text)
    USB_ClrStallEP                           0x00002743   Thumb Code    26  usbhw.o(.text)
    USB_ClearEPBuf                           0x0000275d   Thumb Code    14  usbhw.o(.text)
    USB_ReadEP                               0x0000276b   Thumb Code    92  usbhw.o(.text)
    USB_WriteEP                              0x000027c7   Thumb Code   226  usbhw.o(.text)
    USB_DMA_Setup                            0x000028a9   Thumb Code   248  usbhw.o(.text)
    USB_DMA_Enable                           0x000029a1   Thumb Code    20  usbhw.o(.text)
    USB_DMA_Disable                          0x000029b5   Thumb Code    20  usbhw.o(.text)
    USB_DMA_Status                           0x000029c9   Thumb Code    76  usbhw.o(.text)
    USB_DMA_BufAdr                           0x00002a15   Thumb Code    30  usbhw.o(.text)
    USB_DMA_BufCnt                           0x00002a33   Thumb Code    30  usbhw.o(.text)
    USB_GetFrame                             0x00002a51   Thumb Code    30  usbhw.o(.text)
    USB_IRQHandler                           0x00002a6f   Thumb Code   494  usbhw.o(.text)
    ADC_IF_GetRequest                        0x00002cbd   Thumb Code   128  adcuser.o(.text)
    ADC_IF_SetRequest                        0x00002d3d   Thumb Code    80  adcuser.o(.text)
    ADC_EP_GetRequest                        0x00002d8d   Thumb Code     4  adcuser.o(.text)
    ADC_EP_SetRequest                        0x00002d91   Thumb Code     4  adcuser.o(.text)
    ADC_Init                                 0x00002da5   Thumb Code    64  adc.o(.text)
    ADC_StartCnv                             0x00002de5   Thumb Code    24  adc.o(.text)
    ADC_StopCnv                              0x00002dfd   Thumb Code    14  adc.o(.text)
    ADC_GetCnv                               0x00002e0b   Thumb Code    36  adc.o(.text)
    KBD_Init                                 0x00002e4d   Thumb Code    42  kbd.o(.text)
    KBD_get                                  0x00002e77   Thumb Code    12  kbd.o(.text)
    get_button                               0x00002e83   Thumb Code    20  kbd.o(.text)
    LED_Init                                 0x00002ead   Thumb Code    38  led.o(.text)
    LED_On                                   0x00002ed3   Thumb Code    40  led.o(.text)
    LED_Off                                  0x00002efb   Thumb Code    40  led.o(.text)
    LED_Out                                  0x00002f23   Thumb Code    38  led.o(.text)
    SystemCoreClockUpdate                    0x00002f59   Thumb Code   424  system_lpc17xx.o(.text)
    SystemInit                               0x00003101   Thumb Code   290  system_lpc17xx.o(.text)
    SystemClockUpdate                        0x00003223   Thumb Code   398  system_lpc17xx.o(.text)
    GLCD_Init                                0x00003551   Thumb Code  1514  glcd_spi_lpc1700.o(.text)
    GLCD_SetWindow                           0x00003b3b   Thumb Code   168  glcd_spi_lpc1700.o(.text)
    GLCD_WindowMax                           0x00003be3   Thumb Code    26  glcd_spi_lpc1700.o(.text)
    GLCD_PutPixel                            0x00003bfd   Thumb Code   118  glcd_spi_lpc1700.o(.text)
    GLCD_SetTextColor                        0x00003c73   Thumb Code     6  glcd_spi_lpc1700.o(.text)
    GLCD_SetBackColor                        0x00003c79   Thumb Code     6  glcd_spi_lpc1700.o(.text)
    GLCD_Clear                               0x00003c7f   Thumb Code    42  glcd_spi_lpc1700.o(.text)
    GLCD_DrawChar                            0x00003ca9   Thumb Code   150  glcd_spi_lpc1700.o(.text)
    GLCD_DisplayChar                         0x00003d3f   Thumb Code    84  glcd_spi_lpc1700.o(.text)
    GLCD_DisplayString                       0x00003d93   Thumb Code    40  glcd_spi_lpc1700.o(.text)
    GLCD_ClearLn                             0x00003dbb   Thumb Code    94  glcd_spi_lpc1700.o(.text)
    GLCD_Bargraph                            0x00003e19   Thumb Code    98  glcd_spi_lpc1700.o(.text)
    GLCD_Bitmap                              0x00003e7b   Thumb Code    82  glcd_spi_lpc1700.o(.text)
    GLCD_ScrollVertical                      0x00003ecd   Thumb Code     2  glcd_spi_lpc1700.o(.text)
    GLCD_WrCmd                               0x00003ecf   Thumb Code    12  glcd_spi_lpc1700.o(.text)
    GLCD_WrReg                               0x00003edb   Thumb Code    16  glcd_spi_lpc1700.o(.text)
    __aeabi_uldivmod                         0x00003f5d   Thumb Code     0  lludivv7m.o(.text)
    _ll_udiv                                 0x00003f5d   Thumb Code   238  lludivv7m.o(.text)
    __2sprintf                               0x0000404d   Thumb Code    34  noretval__2sprintf.o(.text)
    __printf                                 0x00004075   Thumb Code   104  __printf.o(.text)
    _printf_int_dec                          0x000040dd   Thumb Code   102  _printf_dec.o(.text)
    srand                                    0x00004155   Thumb Code    42  rand.o(.text)
    _rand_init                               0x0000417f   Thumb Code     4  rand.o(.text)
    __aeabi_memclr4                          0x00004191   Thumb Code     0  rt_memclr_w.o(.text)
    __aeabi_memclr8                          0x00004191   Thumb Code     0  rt_memclr_w.o(.text)
    __rt_memclr_w                            0x00004191   Thumb Code    78  rt_memclr_w.o(.text)
    _memset_w                                0x00004195   Thumb Code     0  rt_memclr_w.o(.text)
    _printf_int_common                       0x000041df   Thumb Code   184  _printf_intcommon.o(.text)
    _printf_char_common                      0x000042a3   Thumb Code    32  _printf_char_common.o(.text)
    _sputc                                   0x000042c9   Thumb Code    10  _sputc.o(.text)
    __user_setup_stackheap                   0x000042d3   Thumb Code    74  sys_stackheap_outer.o(.text)
    exit                                     0x0000431d   Thumb Code    12  exit.o(.text)
    __user_libspace                          0x00004329   Thumb Code     8  libspace.o(.text)
    __user_perproc_libspace                  0x00004329   Thumb Code     0  libspace.o(.text)
    __user_perthread_libspace                0x00004329   Thumb Code     0  libspace.o(.text)
    _sys_exit                                0x00004331   Thumb Code     8  sys_exit.o(.text)
    USB_ReqGetDescriptor                     0x0000433d   Thumb Code   164  usbcore.o(i.USB_ReqGetDescriptor)
    USB_ReqGetStatus                         0x000043f5   Thumb Code   160  usbcore.o(i.USB_ReqGetStatus)
    USB_ReqSetClrFeature                     0x000044b5   Thumb Code   210  usbcore.o(i.USB_ReqSetClrFeature)
    USB_ReqSetConfiguration                  0x000045a1   Thumb Code   400  usbcore.o(i.USB_ReqSetConfiguration)
    USB_ReqSetInterface                      0x00004755   Thumb Code   278  usbcore.o(i.USB_ReqSetInterface)
    USB_P_EP                                 0x00004884   Data          64  usbuser.o(.constdata)
    USB_DeviceDescriptor                     0x000048c4   Data          18  usbdesc.o(.constdata)
    USB_ConfigDescriptor                     0x000048d6   Data         110  usbdesc.o(.constdata)
    USB_StringDescriptor                     0x00004944   Data         100  usbdesc.o(.constdata)
    DDAdr                                    0x00067b3c   Data           8  usbhw.o(.constdata)
    DDSz                                     0x00067b44   Data           8  usbhw.o(.constdata)
    led_mask                                 0x00067b4c   Data          32  led.o(.constdata)
    Font_6x8_h                               0x00067b6c   Data         896  glcd_spi_lpc1700.o(.constdata)
    Font_16x24_h                             0x00067eec   Data        5376  glcd_spi_lpc1700.o(.constdata)
    Region$$Table$$Base                      0x000693ec   Number         0  anon$$obj.o(Region$$Table)
    Region$$Table$$Limit                     0x0006941c   Number         0  anon$$obj.o(Region$$Table)
    USB_DeviceStatus                         0x10000000   Data           2  usbcore.o(.data)
    USB_DeviceAddress                        0x10000002   Data           1  usbcore.o(.data)
    USB_Configuration                        0x10000003   Data           1  usbcore.o(.data)
    USB_EndPointMask                         0x10000004   Data           4  usbcore.o(.data)
    USB_EndPointHalt                         0x10000008   Data           4  usbcore.o(.data)
    USB_EndPointStall                        0x1000000c   Data           4  usbcore.o(.data)
    USB_NumInterfaces                        0x10000010   Data           1  usbcore.o(.data)
    USB_AltSetting                           0x10000011   Data           4  usbcore.o(.data)
    EP0Data                                  0x10000018   Data           8  usbcore.o(.data)
    SetupPacket                              0x10000020   Data           8  usbcore.o(.data)
    InfoBuf                                  0x10000028   Data           4  usbdmain.o(.data)
    DataBuf                                  0x1000002c   Data           4  usbdmain.o(.data)
    p1                                       0x10000030   Data           4  usbdmain.o(.data)
    p2                                       0x10000034   Data           4  usbdmain.o(.data)
    first_to_go                              0x10000038   Data           4  usbdmain.o(.data)
    Mute                                     0x1000003c   Data           1  usbdmain.o(.data)
    Volume                                   0x10000040   Data           4  usbdmain.o(.data)
    DataOut                                  0x10000044   Data           2  usbdmain.o(.data)
    DataIn                                   0x10000046   Data           2  usbdmain.o(.data)
    DataRun                                  0x10000048   Data           1  usbdmain.o(.data)
    PotVal                                   0x1000004a   Data           2  usbdmain.o(.data)
    VUM                                      0x1000004c   Data           4  usbdmain.o(.data)
    Tick                                     0x10000050   Data           4  usbdmain.o(.data)
    p1s                                      0x10000054   Data           8  usbdmain.o(.data)
    p2s                                      0x1000005c   Data           8  usbdmain.o(.data)
    DDMemMap                                 0x10000064   Data           8  usbhw.o(.data)
    VolCur                                   0x1000006c   Data           2  adcuser.o(.data)
    AD_done                                  0x1000006e   Data           1  adc.o(.data)
    AD_last                                  0x10000070   Data           2  adc.o(.data)
    clock_ms                                 0x10000080   Data           1  irq.o(.data)
    SystemCoreClock                          0x10000084   Data           4  system_lpc17xx.o(.data)
    SystemFrequency                          0x10000088   Data           4  system_lpc17xx.o(.data)
    EP0Buf                                   0x10000094   Data          64  usbcore.o(.bss)
    udca                                     0x100000d4   Data         128  usbhw.o(.bss)
    _random_number_data                      0x10000154   Data         228  rand.o(.bss)
    __libspace_start                         0x10000238   Data          96  libspace.o(.bss)
    __temporary_stack_top$libspace           0x10000298   Data           0  libspace.o(.bss)
    UDCA                                     0x20080000   Data         128  usbhw.o(USB_RAM)
    DD_NISO_Mem                              0x20080080   Data         256  usbhw.o(USB_RAM)
    DD_ISO_Mem                               0x20080180   Data         160  usbhw.o(USB_RAM)



==============================================================================

Memory Map of the image

  Image Entry point : 0x000000cd

  Load Region LR_IROM1 (Base: 0x00000000, Size: 0x000694b0, Max: 0x00080000, ABSOLUTE)

    Execution Region ER_IROM1 (Base: 0x00000000, Size: 0x0006941c, Max: 0xffffffff, ABSOLUTE)

    Base Addr    Size         Type   Attr      Idx    E Section Name        Object

    0x00000000   0x000000cc   Data   RO          387    RESET               startup_lpc17xx.o
    0x000000cc   0x00000008   Code   RO          438  * !!!main             c_w.l(__main.o)
    0x000000d4   0x00000034   Code   RO          611    !!!scatter          c_w.l(__scatter.o)
    0x00000108   0x0000001a   Code   RO          613    !!handler_copy      c_w.l(__scatter_copy.o)
    0x00000122   0x00000002   PAD
    0x00000124   0x0000001c   Code   RO          615    !!handler_zi        c_w.l(__scatter_zi.o)
    0x00000140   0x00000000   Code   RO          428    .ARM.Collect$$_printf_percent$$00000000  c_w.l(_printf_percent.o)
    0x00000140   0x00000006   Code   RO          427    .ARM.Collect$$_printf_percent$$00000009  c_w.l(_printf_d.o)
    0x00000146   0x00000004   Code   RO          451    .ARM.Collect$$_printf_percent$$00000017  c_w.l(_printf_percent_end.o)
    0x0000014a   0x00000002   Code   RO          535    .ARM.Collect$$libinit$$00000000  c_w.l(libinit.o)
    0x0000014c   0x00000000   Code   RO          453    .ARM.Collect$$libinit$$00000002  c_w.l(libinit2.o)
    0x0000014c   0x00000000   Code   RO          456    .ARM.Collect$$libinit$$00000008  c_w.l(libinit2.o)
    0x0000014c   0x00000000   Code   RO          458    .ARM.Collect$$libinit$$0000000A  c_w.l(libinit2.o)
    0x0000014c   0x00000004   Code   RO          459    .ARM.Collect$$libinit$$0000000B  c_w.l(libinit2.o)
    0x00000150   0x00000000   Code   RO          460    .ARM.Collect$$libinit$$0000000C  c_w.l(libinit2.o)
    0x00000150   0x00000000   Code   RO          463    .ARM.Collect$$libinit$$0000000F  c_w.l(libinit2.o)
    0x00000150   0x00000000   Code   RO          465    .ARM.Collect$$libinit$$00000011  c_w.l(libinit2.o)
    0x00000150   0x00000000   Code   RO          467    .ARM.Collect$$libinit$$00000013  c_w.l(libinit2.o)
    0x00000150   0x00000000   Code   RO          469    .ARM.Collect$$libinit$$00000015  c_w.l(libinit2.o)
    0x00000150   0x00000000   Code   RO          471    .ARM.Collect$$libinit$$00000017  c_w.l(libinit2.o)
    0x00000150   0x00000000   Code   RO          473    .ARM.Collect$$libinit$$00000019  c_w.l(libinit2.o)
    0x00000150   0x00000000   Code   RO          475    .ARM.Collect$$libinit$$0000001B  c_w.l(libinit2.o)
    0x00000150   0x00000000   Code   RO          477    .ARM.Collect$$libinit$$0000001D  c_w.l(libinit2.o)
    0x00000150   0x00000000   Code   RO          479    .ARM.Collect$$libinit$$0000001F  c_w.l(libinit2.o)
    0x00000150   0x00000000   Code   RO          481    .ARM.Collect$$libinit$$00000021  c_w.l(libinit2.o)
    0x00000150   0x00000000   Code   RO          483    .ARM.Collect$$libinit$$00000023  c_w.l(libinit2.o)
    0x00000150   0x00000000   Code   RO          487    .ARM.Collect$$libinit$$0000002A  c_w.l(libinit2.o)
    0x00000150   0x00000000   Code   RO          489    .ARM.Collect$$libinit$$0000002C  c_w.l(libinit2.o)
    0x00000150   0x00000000   Code   RO          491    .ARM.Collect$$libinit$$0000002E  c_w.l(libinit2.o)
    0x00000150   0x00000000   Code   RO          493    .ARM.Collect$$libinit$$00000030  c_w.l(libinit2.o)
    0x00000150   0x00000002   Code   RO          494    .ARM.Collect$$libinit$$00000031  c_w.l(libinit2.o)
    0x00000152   0x00000002   Code   RO          579    .ARM.Collect$$libshutdown$$00000000  c_w.l(libshutdown.o)
    0x00000154   0x00000000   Code   RO          596    .ARM.Collect$$libshutdown$$00000003  c_w.l(libshutdown2.o)
    0x00000154   0x00000000   Code   RO          599    .ARM.Collect$$libshutdown$$00000006  c_w.l(libshutdown2.o)
    0x00000154   0x00000000   Code   RO          602    .ARM.Collect$$libshutdown$$00000009  c_w.l(libshutdown2.o)
    0x00000154   0x00000000   Code   RO          604    .ARM.Collect$$libshutdown$$0000000B  c_w.l(libshutdown2.o)
    0x00000154   0x00000000   Code   RO          607    .ARM.Collect$$libshutdown$$0000000E  c_w.l(libshutdown2.o)
    0x00000154   0x00000002   Code   RO          608    .ARM.Collect$$libshutdown$$0000000F  c_w.l(libshutdown2.o)
    0x00000156   0x00000000   Code   RO          440    .ARM.Collect$$rtentry$$00000000  c_w.l(rtentry.o)
    0x00000156   0x00000000   Code   RO          496    .ARM.Collect$$rtentry$$00000002  c_w.l(rtentry2.o)
    0x00000156   0x00000006   Code   RO          508    .ARM.Collect$$rtentry$$00000004  c_w.l(rtentry4.o)
    0x0000015c   0x00000000   Code   RO          498    .ARM.Collect$$rtentry$$00000009  c_w.l(rtentry2.o)
    0x0000015c   0x00000004   Code   RO          499    .ARM.Collect$$rtentry$$0000000A  c_w.l(rtentry2.o)
    0x00000160   0x00000000   Code   RO          501    .ARM.Collect$$rtentry$$0000000C  c_w.l(rtentry2.o)
    0x00000160   0x00000008   Code   RO          502    .ARM.Collect$$rtentry$$0000000D  c_w.l(rtentry2.o)
    0x00000168   0x00000002   Code   RO          541    .ARM.Collect$$rtexit$$00000000  c_w.l(rtexit.o)
    0x0000016a   0x00000000   Code   RO          561    .ARM.Collect$$rtexit$$00000002  c_w.l(rtexit2.o)
    0x0000016a   0x00000004   Code   RO          562    .ARM.Collect$$rtexit$$00000003  c_w.l(rtexit2.o)
    0x0000016e   0x00000006   Code   RO          563    .ARM.Collect$$rtexit$$00000004  c_w.l(rtexit2.o)
    0x00000174   0x00000034   Code   RO          429    .emb_text           c_w.l(rand.o)
    0x000001a8   0x000000e0   Code   RO            1    .text               usbuser.o
    0x00000288   0x0000002c   Code   RO          284    .text               irq.o
    0x000002b4   0x0000003c   Code   RO          389    .text               startup_lpc17xx.o
    0x000002f0   0x00000006   Code   RO          436    .text               c_w.l(heapauxi.o)
    0x000002f6   0x00000002   Code   RO          557    .text               c_w.l(use_no_semi.o)
    0x000002f8   0x00000000   Code   RO          559    .text               c_w.l(indicate_semi.o)
    0x000002f8   0x00000004   PAD
    0x000002fc   0x00000004   Code   RO          388    .ARM.__at_0x02FC    startup_lpc17xx.o
    0x00000300   0x000003dc   Code   RO           44    .text               usbcore.o
    0x000006dc   0x00001d2c   Code   RO          128    .text               usbdmain.o
    0x00002408   0x000008b4   Code   RO          205    .text               usbhw.o
    0x00002cbc   0x000000e8   Code   RO          229    .text               adcuser.o
    0x00002da4   0x000000a8   Code   RO          249    .text               adc.o
    0x00002e4c   0x00000060   Code   RO          303    .text               kbd.o
    0x00002eac   0x000000ac   Code   RO          324    .text               led.o
    0x00002f58   0x00000460   Code   RO          339    .text               system_lpc17xx.o
    0x000033b8   0x00000ba4   Code   RO          357    .text               glcd_spi_lpc1700.o
    0x00003f5c   0x000000ee   Code   RO          397    .text               c_w.l(lludivv7m.o)
    0x0000404a   0x00000002   PAD
    0x0000404c   0x00000028   Code   RO          401    .text               c_w.l(noretval__2sprintf.o)
    0x00004074   0x00000068   Code   RO          403    .text               c_w.l(__printf.o)
    0x000040dc   0x00000078   Code   RO          405    .text               c_w.l(_printf_dec.o)
    0x00004154   0x0000003c   Code   RO          430    .text               c_w.l(rand.o)
    0x00004190   0x0000004e   Code   RO          434    .text               c_w.l(rt_memclr_w.o)
    0x000041de   0x000000b8   Code   RO          445    .text               c_w.l(_printf_intcommon.o)
    0x00004296   0x00000002   PAD
    0x00004298   0x00000030   Code   RO          447    .text               c_w.l(_printf_char_common.o)
    0x000042c8   0x0000000a   Code   RO          449    .text               c_w.l(_sputc.o)
    0x000042d2   0x0000004a   Code   RO          518    .text               c_w.l(sys_stackheap_outer.o)
    0x0000431c   0x0000000c   Code   RO          520    .text               c_w.l(exit.o)
    0x00004328   0x00000008   Code   RO          538    .text               c_w.l(libspace.o)
    0x00004330   0x0000000c   Code   RO          555    .text               c_w.l(sys_exit.o)
    0x0000433c   0x000000b8   Code   RO           69    i.USB_ReqGetDescriptor  usbcore.o
    0x000043f4   0x000000c0   Code   RO           57    i.USB_ReqGetStatus  usbcore.o
    0x000044b4   0x000000ec   Code   RO           63    i.USB_ReqSetClrFeature  usbcore.o
    0x000045a0   0x000001b4   Code   RO           75    i.USB_ReqSetConfiguration  usbcore.o
    0x00004754   0x00000130   Code   RO           81    i.USB_ReqSetInterface  usbcore.o
    0x00004884   0x00000040   Data   RO            2    .constdata          usbuser.o
    0x000048c4   0x000000e4   Data   RO          116    .constdata          usbdesc.o
    0x000049a8   0x00063194   Data   RO          129    .constdata          usbdmain.o
    0x00067b3c   0x00000010   Data   RO          207    .constdata          usbhw.o
    0x00067b4c   0x00000020   Data   RO          325    .constdata          led.o
    0x00067b6c   0x00001880   Data   RO          358    .constdata          glcd_spi_lpc1700.o
    0x000693ec   0x00000030   Data   RO          609    Region$$Table       anon$$obj.o


    Execution Region RW_IRAM1 (Base: 0x10000000, Size: 0x00000498, Max: 0x00008000, ABSOLUTE)

    Base Addr    Size         Type   Attr      Idx    E Section Name        Object

    0x10000000   0x00000028   Data   RW           46    .data               usbcore.o
    0x10000028   0x0000003c   Data   RW          130    .data               usbdmain.o
    0x10000064   0x00000008   Data   RW          208    .data               usbhw.o
    0x1000006c   0x00000002   Data   RW          231    .data               adcuser.o
    0x1000006e   0x00000004   Data   RW          250    .data               adc.o
    0x10000072   0x00000002   PAD
    0x10000074   0x0000000d   Data   RW          285    .data               irq.o
    0x10000081   0x00000003   PAD
    0x10000084   0x00000008   Data   RW          340    .data               system_lpc17xx.o
    0x1000008c   0x00000005   Data   RW          359    .data               glcd_spi_lpc1700.o
    0x10000091   0x00000003   PAD
    0x10000094   0x00000040   Zero   RW           45    .bss                usbcore.o
    0x100000d4   0x00000080   Zero   RW          206    .bss                usbhw.o
    0x10000154   0x000000e4   Zero   RW          431    .bss                c_w.l(rand.o)
    0x10000238   0x00000060   Zero   RW          539    .bss                c_w.l(libspace.o)
    0x10000298   0x00000000   Zero   RW          386    HEAP                startup_lpc17xx.o
    0x10000298   0x00000200   Zero   RW          385    STACK               startup_lpc17xx.o


    Execution Region RW_USBRAM (Base: 0x20080000, Size: 0x00000220, Max: 0x00004000, ABSOLUTE)

    Base Addr    Size         Type   Attr      Idx    E Section Name        Object

    0x20080000   0x00000220   Zero   RW          209    USB_RAM             usbhw.o


==============================================================================

Image component sizes


      Code (inc. data)   RO Data    RW Data    ZI Data      Debug   Object Name

       168         30          0          4          0        813   adc.o
       232         16          0          2          0       1456   adcuser.o
         0          0          0          0          0         32   core_cm3.o
      2980         62       6272          5          0       8604   glcd_spi_lpc1700.o
        44          8          0         13          0        569   irq.o
        96         22          0          0          0        698   kbd.o
       172         16         32          0          0       1217   led.o
        64         26        204          0        512        816   startup_lpc17xx.o
      1120         90          0          8          0       1147   system_lpc17xx.o
      2340        206          0         40         64       7543   usbcore.o
         0          0        228          0          0        521   usbdesc.o
      7468        566     405908         60          0      32457   usbdmain.o
      2228        256         16          8        672      12883   usbhw.o
       224         22         64          0          0      12763   usbuser.o

    ----------------------------------------------------------------------
     17136       1320     412772        148       1248      81519   Object Totals
         0          0         48          0          0          0   (incl. Generated)
         0          0          0          8          0          0   (incl. Padding)

    ----------------------------------------------------------------------

      Code (inc. data)   RO Data    RW Data    ZI Data      Debug   Library Member Name

         8          0          0          0          0         68   __main.o
       104          0          0          0          0         84   __printf.o
        52          8          0          0          0          0   __scatter.o
        26          0          0          0          0          0   __scatter_copy.o
        28          0          0          0          0          0   __scatter_zi.o
        48          6          0          0          0         96   _printf_char_common.o
         6          0          0          0          0          0   _printf_d.o
       120         18          0          0          0         92   _printf_dec.o
       184          0          0          0          0         88   _printf_intcommon.o
         0          0          0          0          0          0   _printf_percent.o
         4          0          0          0          0          0   _printf_percent_end.o
        10          0          0          0          0         68   _sputc.o
        12          0          0          0          0         72   exit.o
         6          0          0          0          0        152   heapauxi.o
         0          0          0          0          0          0   indicate_semi.o
         2          0          0          0          0          0   libinit.o
         6          0          0          0          0          0   libinit2.o
         2          0          0          0          0          0   libshutdown.o
         2          0          0          0          0          0   libshutdown2.o
         8          4          0          0         96         68   libspace.o
       238          0          0          0          0        100   lludivv7m.o
        40          6          0          0          0         84   noretval__2sprintf.o
       112         18          0          0        228        160   rand.o
        78          0          0          0          0         80   rt_memclr_w.o
         0          0          0          0          0          0   rtentry.o
        12          0          0          0          0          0   rtentry2.o
         6          0          0          0          0          0   rtentry4.o
         2          0          0          0          0          0   rtexit.o
        10          0          0          0          0          0   rtexit2.o
        12          4          0          0          0         68   sys_exit.o
        74          0          0          0          0         80   sys_stackheap_outer.o
         2          0          0          0          0         68   use_no_semi.o

    ----------------------------------------------------------------------
      1224         64          0          0        324       1428   Library Totals
        10          0          0          0          0          0   (incl. Padding)

    ----------------------------------------------------------------------

      Code (inc. data)   RO Data    RW Data    ZI Data      Debug   Library Name

      1214         64          0          0        324       1428   c_w.l

    ----------------------------------------------------------------------
      1224         64          0          0        324       1428   Library Totals

    ----------------------------------------------------------------------

==============================================================================


      Code (inc. data)   RO Data    RW Data    ZI Data      Debug   

     18360       1384     412772        148       1572      80711   Grand Totals
     18360       1384     412772        148       1572      80711   ELF Image Totals
     18360       1384     412772        148          0          0   ROM Totals

==============================================================================

    Total RO  Size (Code + RO Data)               431132 ( 421.03kB)
    Total RW  Size (RW Data + ZI Data)              1720 (   1.68kB)
    Total ROM Size (Code + RO Data + RW Data)     431280 ( 421.17kB)

==============================================================================

